00:17:41 **** Rebuild of configuration Debug for project project_sgp30 ****
Info: Internal Builder is used for build
arm-atollic-eabi-gcc -c ..\src\timer\1_systick.c -mthumb -mcpu=cortex-m3 -std=gnu11 -DSTM32L152xE -I../src -I../Drivers/CMSIS/Include -I../Drivers/CMSIS/Device/ST/STM32L1xx/Include -I../Drivers/STM32L1xx_HAL_Driver/Inc -O0 -ffunction-sections -fdata-sections -g -fstack-usage -Wall -specs=nano.specs -o src\timer\1_systick.o 
arm-atollic-eabi-gcc -c ..\src\uart\uart2.c -mthumb -mcpu=cortex-m3 -std=gnu11 -DSTM32L152xE -I../src -I../Drivers/CMSIS/Include -I../Drivers/CMSIS/Device/ST/STM32L1xx/Include -I../Drivers/STM32L1xx_HAL_Driver/Inc -O0 -ffunction-sections -fdata-sections -g -fstack-usage -Wall -specs=nano.specs -o src\uart\uart2.o 
arm-atollic-eabi-gcc -c ..\src\main.c -mthumb -mcpu=cortex-m3 -std=gnu11 -DSTM32L152xE -I../src -I../Drivers/CMSIS/Include -I../Drivers/CMSIS/Device/ST/STM32L1xx/Include -I../Drivers/STM32L1xx_HAL_Driver/Inc -O0 -ffunction-sections -fdata-sections -g -fstack-usage -Wall -specs=nano.specs -o src\main.o 
arm-atollic-eabi-gcc -c ..\src\debug\debug_logs.c -mthumb -mcpu=cortex-m3 -std=gnu11 -DSTM32L152xE -I../src -I../Drivers/CMSIS/Include -I../Drivers/CMSIS/Device/ST/STM32L1xx/Include -I../Drivers/STM32L1xx_HAL_Driver/Inc -O0 -ffunction-sections -fdata-sections -g -fstack-usage -Wall -specs=nano.specs -o src\debug\debug_logs.o 
arm-atollic-eabi-gcc -c ..\src\tiny_printf.c -mthumb -mcpu=cortex-m3 -std=gnu11 -DSTM32L152xE -I../src -I../Drivers/CMSIS/Include -I../Drivers/CMSIS/Device/ST/STM32L1xx/Include -I../Drivers/STM32L1xx_HAL_Driver/Inc -O0 -ffunction-sections -fdata-sections -g -fstack-usage -Wall -specs=nano.specs -o src\tiny_printf.o 
arm-atollic-eabi-gcc -c ..\src\timer\5.2_timer_input_capture.c -mthumb -mcpu=cortex-m3 -std=gnu11 -DSTM32L152xE -I../src -I../Drivers/CMSIS/Include -I../Drivers/CMSIS/Device/ST/STM32L1xx/Include -I../Drivers/STM32L1xx_HAL_Driver/Inc -O0 -ffunction-sections -fdata-sections -g -fstack-usage -Wall -specs=nano.specs -o src\timer\5.2_timer_input_capture.o 
arm-atollic-eabi-gcc -c ..\src\timer\5_timer_autoreload.c -mthumb -mcpu=cortex-m3 -std=gnu11 -DSTM32L152xE -I../src -I../Drivers/CMSIS/Include -I../Drivers/CMSIS/Device/ST/STM32L1xx/Include -I../Drivers/STM32L1xx_HAL_Driver/Inc -O0 -ffunction-sections -fdata-sections -g -fstack-usage -Wall -specs=nano.specs -o src\timer\5_timer_autoreload.o 
arm-atollic-eabi-gcc -c ..\src\i2c\i2c_write_command.c -mthumb -mcpu=cortex-m3 -std=gnu11 -DSTM32L152xE -I../src -I../Drivers/CMSIS/Include -I../Drivers/CMSIS/Device/ST/STM32L1xx/Include -I../Drivers/STM32L1xx_HAL_Driver/Inc -O0 -ffunction-sections -fdata-sections -g -fstack-usage -Wall -specs=nano.specs -o src\i2c\i2c_write_command.o 
arm-atollic-eabi-gcc -c -mthumb -mcpu=cortex-m3 -DSTM32L152xE -I../src -I../Drivers/CMSIS/Include -I../Drivers/CMSIS/Device/ST/STM32L1xx/Include -I../Drivers/STM32L1xx_HAL_Driver/Inc -g -Wa,--warn -x assembler-with-cpp -specs=nano.specs -o src\startup_stm32l152xe.o ..\src\startup_stm32l152xe.s 
arm-atollic-eabi-gcc -c ..\src\i2c\i2c_init.c -mthumb -mcpu=cortex-m3 -std=gnu11 -DSTM32L152xE -I../src -I../Drivers/CMSIS/Include -I../Drivers/CMSIS/Device/ST/STM32L1xx/Include -I../Drivers/STM32L1xx_HAL_Driver/Inc -O0 -ffunction-sections -fdata-sections -g -fstack-usage -Wall -specs=nano.specs -o src\i2c\i2c_init.o 
arm-atollic-eabi-gcc -c ..\src\sensor\sgp30_driver\sgp30.c -mthumb -mcpu=cortex-m3 -std=gnu11 -DSTM32L152xE -I../src -I../Drivers/CMSIS/Include -I../Drivers/CMSIS/Device/ST/STM32L1xx/Include -I../Drivers/STM32L1xx_HAL_Driver/Inc -O0 -ffunction-sections -fdata-sections -g -fstack-usage -Wall -specs=nano.specs -o src\sensor\sgp30_driver\sgp30.o 
arm-atollic-eabi-gcc -c ..\src\sensor\sgp30_driver\sgp30_function.c -mthumb -mcpu=cortex-m3 -std=gnu11 -DSTM32L152xE -I../src -I../Drivers/CMSIS/Include -I../Drivers/CMSIS/Device/ST/STM32L1xx/Include -I../Drivers/STM32L1xx_HAL_Driver/Inc -O0 -ffunction-sections -fdata-sections -g -fstack-usage -Wall -specs=nano.specs -o src\sensor\sgp30_driver\sgp30_function.o 
arm-atollic-eabi-gcc -c ..\src\i2c\i2c_functions.c -mthumb -mcpu=cortex-m3 -std=gnu11 -DSTM32L152xE -I../src -I../Drivers/CMSIS/Include -I../Drivers/CMSIS/Device/ST/STM32L1xx/Include -I../Drivers/STM32L1xx_HAL_Driver/Inc -O0 -ffunction-sections -fdata-sections -g -fstack-usage -Wall -specs=nano.specs -o src\i2c\i2c_functions.o 
..\src\i2c\i2c_functions.c: In function 'I2C_Clear_AddrFlag':
..\src\i2c\i2c_functions.c:84:23: warning: unused variable 'temp' [-Wunused-variable]
     volatile uint32_t temp = I2C1->SR2;  // Clear ADDR p691
                       ^~~~
arm-atollic-eabi-gcc -c ..\src\i2c\i2c_read_data.c -mthumb -mcpu=cortex-m3 -std=gnu11 -DSTM32L152xE -I../src -I../Drivers/CMSIS/Include -I../Drivers/CMSIS/Device/ST/STM32L1xx/Include -I../Drivers/STM32L1xx_HAL_Driver/Inc -O0 -ffunction-sections -fdata-sections -g -fstack-usage -Wall -specs=nano.specs -o src\i2c\i2c_read_data.o 
arm-atollic-eabi-gcc -c ..\src\timer\5.1_timer_output_toggle_compare.c -mthumb -mcpu=cortex-m3 -std=gnu11 -DSTM32L152xE -I../src -I../Drivers/CMSIS/Include -I../Drivers/CMSIS/Device/ST/STM32L1xx/Include -I../Drivers/STM32L1xx_HAL_Driver/Inc -O0 -ffunction-sections -fdata-sections -g -fstack-usage -Wall -specs=nano.specs -o src\timer\5.1_timer_output_toggle_compare.o 
arm-atollic-eabi-gcc -c ..\src\debug\conv_int_ascii.c -mthumb -mcpu=cortex-m3 -std=gnu11 -DSTM32L152xE -I../src -I../Drivers/CMSIS/Include -I../Drivers/CMSIS/Device/ST/STM32L1xx/Include -I../Drivers/STM32L1xx_HAL_Driver/Inc -O0 -ffunction-sections -fdata-sections -g -fstack-usage -Wall -specs=nano.specs -o src\debug\conv_int_ascii.o 
arm-atollic-eabi-gcc -c ..\src\system_stm32l1xx.c -mthumb -mcpu=cortex-m3 -std=gnu11 -DSTM32L152xE -I../src -I../Drivers/CMSIS/Include -I../Drivers/CMSIS/Device/ST/STM32L1xx/Include -I../Drivers/STM32L1xx_HAL_Driver/Inc -O0 -ffunction-sections -fdata-sections -g -fstack-usage -Wall -specs=nano.specs -o src\system_stm32l1xx.o 
arm-atollic-eabi-gcc -c ..\src\system_clock\pllclk_32MHz.c -mthumb -mcpu=cortex-m3 -std=gnu11 -DSTM32L152xE -I../src -I../Drivers/CMSIS/Include -I../Drivers/CMSIS/Device/ST/STM32L1xx/Include -I../Drivers/STM32L1xx_HAL_Driver/Inc -O0 -ffunction-sections -fdata-sections -g -fstack-usage -Wall -specs=nano.specs -o src\system_clock\pllclk_32MHz.o 
arm-atollic-eabi-gcc -o project_sgp30.elf src\debug\conv_int_ascii.o src\debug\debug_logs.o src\i2c\i2c_functions.o src\i2c\i2c_init.o src\i2c\i2c_read_data.o src\i2c\i2c_write_command.o src\main.o src\sensor\sgp30_driver\sgp30.o src\sensor\sgp30_driver\sgp30_function.o src\startup_stm32l152xe.o src\system_clock\pllclk_32MHz.o src\system_stm32l1xx.o src\timer\1_systick.o src\timer\5.1_timer_output_toggle_compare.o src\timer\5.2_timer_input_capture.o src\timer\5_timer_autoreload.o src\tiny_printf.o src\uart\uart2.o -mthumb -mcpu=cortex-m3 -T../stm32_flash.ld -specs=nosys.specs -static -Wl,-cref,-u,Reset_Handler -Wl,-Map=project_sgp30.map -Wl,--gc-sections -Wl,--defsym=malloc_getpagesize_P=0x80 -Wl,--start-group -lc -lm -Wl,--end-group -specs=nano.specs 
C:\Program Files (x86)\Atollic\TrueSTUDIO for STM32 9.3.0\ide\jre\bin\java -jar C:\Program Files (x86)\Atollic\TrueSTUDIO for STM32 9.3.0\Tools\arm-atollic-reports.jar sizeinfo list project_sgp30.elf 
Generate build reports...
Print size information
   text	   data	    bss	    dec	    hex	filename
   3812	     12	   1052	   4876	   130c	project_sgp30.elf
Print size information done
Generate listing file
Output sent to: project_sgp30.list
Generate listing file done
Generate build reports done
00:23:02 **** Incremental Build of configuration Debug for project project_sgp30 ****
Info: Internal Builder is used for build
arm-atollic-eabi-gcc -c ..\src\sgp30_driver\sgp30.c -mthumb -mcpu=cortex-m3 -std=gnu11 -DSTM32L152xE -I../src -I../Drivers/CMSIS/Include -I../Drivers/CMSIS/Device/ST/STM32L1xx/Include -I../Drivers/STM32L1xx_HAL_Driver/Inc -O0 -ffunction-sections -fdata-sections -g -fstack-usage -Wall -specs=nano.specs -o src\sgp30_driver\sgp30.o 
arm-atollic-eabi-gcc -c ..\src\main.c -mthumb -mcpu=cortex-m3 -std=gnu11 -DSTM32L152xE -I../src -I../Drivers/CMSIS/Include -I../Drivers/CMSIS/Device/ST/STM32L1xx/Include -I../Drivers/STM32L1xx_HAL_Driver/Inc -O0 -ffunction-sections -fdata-sections -g -fstack-usage -Wall -specs=nano.specs -o src\main.o 
arm-atollic-eabi-gcc -c ..\src\sgp30_driver\sgp30_function.c -mthumb -mcpu=cortex-m3 -std=gnu11 -DSTM32L152xE -I../src -I../Drivers/CMSIS/Include -I../Drivers/CMSIS/Device/ST/STM32L1xx/Include -I../Drivers/STM32L1xx_HAL_Driver/Inc -O0 -ffunction-sections -fdata-sections -g -fstack-usage -Wall -specs=nano.specs -o src\sgp30_driver\sgp30_function.o 
arm-atollic-eabi-gcc -o project_sgp30.elf src\debug\conv_int_ascii.o src\debug\debug_logs.o src\i2c\i2c_functions.o src\i2c\i2c_init.o src\main.o src\sgp30_driver\sgp30.o src\sgp30_driver\sgp30_function.o src\startup_stm32l152xe.o src\system_clock\pllclk_32MHz.o src\system_stm32l1xx.o src\timer\1_systick.o src\timer\5.1_timer_output_toggle_compare.o src\timer\5.2_timer_input_capture.o src\timer\5_timer_autoreload.o src\tiny_printf.o src\uart\uart2.o -mthumb -mcpu=cortex-m3 -T../stm32_flash.ld -specs=nosys.specs -static -Wl,-cref,-u,Reset_Handler -Wl,-Map=project_sgp30.map -Wl,--gc-sections -Wl,--defsym=malloc_getpagesize_P=0x80 -Wl,--start-group -lc -lm -Wl,--end-group -specs=nano.specs 
C:\Program Files (x86)\Atollic\TrueSTUDIO for STM32 9.3.0\ide\jre\bin\java -jar C:\Program Files (x86)\Atollic\TrueSTUDIO for STM32 9.3.0\Tools\arm-atollic-reports.jar sizeinfo list project_sgp30.elf 
Generate build reports...
Print size information
   text	   data	    bss	    dec	    hex	filename
   3812	     12	   1052	   4876	   130c	project_sgp30.elf
Print size information done
Generate listing file
Output sent to: project_sgp30.list
Generate listing file done
Generate build reports done
00:52:11 **** Incremental Build of configuration Debug for project project_sgp30 ****
Info: Internal Builder is used for build
arm-atollic-eabi-gcc -c ..\src\i2c\i2c_init.c -mthumb -mcpu=cortex-m3 -std=gnu11 -DSTM32L152xE -I../src -I../Drivers/CMSIS/Include -I../Drivers/CMSIS/Device/ST/STM32L1xx/Include -I../Drivers/STM32L1xx_HAL_Driver/Inc -O0 -ffunction-sections -fdata-sections -g -fstack-usage -Wall -specs=nano.specs -o src\i2c\i2c_init.o 
arm-atollic-eabi-gcc -o project_sgp30.elf src\debug\conv_int_ascii.o src\debug\debug_logs.o src\i2c\i2c_functions.o src\i2c\i2c_init.o src\main.o src\sgp30_driver\sgp30.o src\sgp30_driver\sgp30_function.o src\startup_stm32l152xe.o src\system_clock\pllclk_32MHz.o src\system_stm32l1xx.o src\timer\1_systick.o src\timer\5.1_timer_output_toggle_compare.o src\timer\5.2_timer_input_capture.o src\timer\5_timer_autoreload.o src\tiny_printf.o src\uart\uart2.o -mthumb -mcpu=cortex-m3 -T../stm32_flash.ld -specs=nosys.specs -static -Wl,-cref,-u,Reset_Handler -Wl,-Map=project_sgp30.map -Wl,--gc-sections -Wl,--defsym=malloc_getpagesize_P=0x80 -Wl,--start-group -lc -lm -Wl,--end-group -specs=nano.specs 
C:\Program Files (x86)\Atollic\TrueSTUDIO for STM32 9.3.0\ide\jre\bin\java -jar C:\Program Files (x86)\Atollic\TrueSTUDIO for STM32 9.3.0\Tools\arm-atollic-reports.jar sizeinfo list project_sgp30.elf 
Generate build reports...
Print size information
   text	   data	    bss	    dec	    hex	filename
   3812	     12	   1052	   4876	   130c	project_sgp30.elf
Print size information done
Generate listing file
Output sent to: project_sgp30.list
Generate listing file done
Generate build reports done
Info: Nothing to build for project_sgp30
