00:23:02 **** Incremental Build of configuration Debug for project project_sgp30 ****
Info: Internal Builder is used for build
arm-atollic-eabi-gcc -c ..\src\sgp30_driver\sgp30.c -mthumb -mcpu=cortex-m3 -std=gnu11 -DSTM32L152xE -I../src -I../Drivers/CMSIS/Include -I../Drivers/CMSIS/Device/ST/STM32L1xx/Include -I../Drivers/STM32L1xx_HAL_Driver/Inc -O0 -ffunction-sections -fdata-sections -g -fstack-usage -Wall -specs=nano.specs -o src\sgp30_driver\sgp30.o 
arm-atollic-eabi-gcc -c ..\src\main.c -mthumb -mcpu=cortex-m3 -std=gnu11 -DSTM32L152xE -I../src -I../Drivers/CMSIS/Include -I../Drivers/CMSIS/Device/ST/STM32L1xx/Include -I../Drivers/STM32L1xx_HAL_Driver/Inc -O0 -ffunction-sections -fdata-sections -g -fstack-usage -Wall -specs=nano.specs -o src\main.o 
arm-atollic-eabi-gcc -c ..\src\sgp30_driver\sgp30_function.c -mthumb -mcpu=cortex-m3 -std=gnu11 -DSTM32L152xE -I../src -I../Drivers/CMSIS/Include -I../Drivers/CMSIS/Device/ST/STM32L1xx/Include -I../Drivers/STM32L1xx_HAL_Driver/Inc -O0 -ffunction-sections -fdata-sections -g -fstack-usage -Wall -specs=nano.specs -o src\sgp30_driver\sgp30_function.o 
arm-atollic-eabi-gcc -o project_sgp30.elf src\debug\conv_int_ascii.o src\debug\debug_logs.o src\i2c\i2c_functions.o src\i2c\i2c_init.o src\main.o src\sgp30_driver\sgp30.o src\sgp30_driver\sgp30_function.o src\startup_stm32l152xe.o src\system_clock\pllclk_32MHz.o src\system_stm32l1xx.o src\timer\1_systick.o src\timer\5.1_timer_output_toggle_compare.o src\timer\5.2_timer_input_capture.o src\timer\5_timer_autoreload.o src\tiny_printf.o src\uart\uart2.o -mthumb -mcpu=cortex-m3 -T../stm32_flash.ld -specs=nosys.specs -static -Wl,-cref,-u,Reset_Handler -Wl,-Map=project_sgp30.map -Wl,--gc-sections -Wl,--defsym=malloc_getpagesize_P=0x80 -Wl,--start-group -lc -lm -Wl,--end-group -specs=nano.specs 
C:\Program Files (x86)\Atollic\TrueSTUDIO for STM32 9.3.0\ide\jre\bin\java -jar C:\Program Files (x86)\Atollic\TrueSTUDIO for STM32 9.3.0\Tools\arm-atollic-reports.jar sizeinfo list project_sgp30.elf 
Generate build reports...
Print size information
   text	   data	    bss	    dec	    hex	filename
   3812	     12	   1052	   4876	   130c	project_sgp30.elf
Print size information done
Generate listing file
Output sent to: project_sgp30.list
Generate listing file done
Generate build reports done

00:23:03 Build Finished (took 1s.334ms)

